[universe] Fetching S&P 500 constituents from https://en.wikipedia.org/wiki/List_of_S%26P_500_companies...
[universe] Fetched 503 S&P 500 constituents
[universe] S&P 500: 503 | Existing: 93 | Union: 503

[universe] Final pull universe: 503 tickers
[universe] Net-new vs existing config: 410
[universe] Plus 25 factor ETFs

[cache] Inventory of existing parquet partitions:
  ohlcv             :    134,140 rows |   40 tickers
  vsurfd            :  6,569,480 rows |   15 tickers
  oi_25delta        : NOT CACHED
  earnings          :     29,433 rows
  dividends         :      5,576 rows
  compustat_meta    :         15 rows

========================================================================
PHASE 1 — OHLCV + Compustat metadata + earnings + dividends
  ~1.5 hours expected
========================================================================
[CRSP] Fetching daily stock data for 528 symbols...
[WRDS] Connecting to PostgreSQL...
Loading library list...
Done
[WRDS] Connection established.
  [2011-01] 8,618 rows
  [2011-02] 8,200 rows
  [2011-03] 9,963 rows
  [2011-04] 8,720 rows
  [2011-05] 9,161 rows
  [2011-06] 9,592 rows
  [2011-07] 8,723 rows
  [2011-08] 10,028 rows
  [2011-09] 9,156 rows
  [2011-10] 9,135 rows
  [2011-11] 9,156 rows
  [2011-12] 9,164 rows
  [2012-01] 8,756 rows
  [2012-02] 8,756 rows
  [2012-03] 9,622 rows
  [2012-04] 8,740 rows
  [2012-05] 9,636 rows
  [2012-06] 9,199 rows
  [2012-07] 9,227 rows
  [2012-08] 10,120 rows
  [2012-09] 8,360 rows
  [2012-10] 9,284 rows
  [2012-11] 9,303 rows
  [2012-12] 8,850 rows
  [2013-01] 9,312 rows
  [2013-02] 8,455 rows
  [2013-03] 8,900 rows
  [2013-04] 9,790 rows
  [2013-05] 9,824 rows
  [2013-06] 8,922 rows
  [2013-07] 9,888 rows
  [2013-08] 9,922 rows
  [2013-09] 9,021 rows
  [2013-10] 10,392 rows
  [2013-11] 9,020 rows
  [2013-12] 9,525 rows
  [2014-01] 9,534 rows
  [2014-02] 8,626 rows
  [2014-03] 9,534 rows
  [2014-04] 9,553 rows
  [2014-05] 9,575 rows
  [2014-06] 9,593 rows
  [2014-07] 10,055 rows
  [2014-08] 9,618 rows
  [2014-09] 9,623 rows
  [2014-10] 10,557 rows
  [2014-11] 8,740 rows
  [2014-12] 10,113 rows
  [2015-01] 9,167 rows
  [2015-02] 8,727 rows
  [2015-03] 10,120 rows
  [2015-04] 9,700 rows
  [2015-05] 9,240 rows
  [2015-06] 10,180 rows
  [2015-07] 10,238 rows
  [2015-08] 9,806 rows
  [2015-09] 9,807 rows
  [2015-10] 10,271 rows
  [2015-11] 9,360 rows
  [2015-12] 10,301 rows
  [2016-01] 8,911 rows
  [2016-02] 9,380 rows
  [2016-03] 10,318 rows
  [2016-04] 9,851 rows
  [2016-05] 9,857 rows
  [2016-06] 10,318 rows
  [2016-07] 9,399 rows
  [2016-08] 10,810 rows
  [2016-09] 9,878 rows
  [2016-10] 9,891 rows
  [2016-11] 9,891 rows
  [2016-12] 9,891 rows
  [2017-01] 9,420 rows
  [2017-02] 8,968 rows
  [2017-03] 10,856 rows
  [2017-04] 8,969 rows
  [2017-05] 10,421 rows
  [2017-06] 10,428 rows
  [2017-07] 9,480 rows
  [2017-08] 10,902 rows
  [2017-09] 9,440 rows
  [2017-10] 10,385 rows
  [2017-11] 9,933 rows
  [2017-12] 9,478 rows
  [2018-01] 9,954 rows
  [2018-02] 9,028 rows
  [2018-03] 10,025 rows
  [2018-04] 10,038 rows
  [2018-05] 10,516 rows
  [2018-06] 10,066 rows
  [2018-07] 10,096 rows
  [2018-08] 11,056 rows
  [2018-09] 9,120 rows
  [2018-10] 11,041 rows
  [2018-11] 10,101 rows
  [2018-12] 9,157 rows
  [2019-01] 10,143 rows
  [2019-02] 9,167 rows
  [2019-03] 10,122 rows
  [2019-04] 10,135 rows
  [2019-05] 10,619 rows
  [2019-06] 9,727 rows
  [2019-07] 10,736 rows
  [2019-08] 10,752 rows
  [2019-09] 9,788 rows
  [2019-10] 11,280 rows
  [2019-11] 9,820 rows
  [2019-12] 10,342 rows
  [2020-01] 10,366 rows
  [2020-02] 9,400 rows
  [2020-03] 10,912 rows
  [2020-04] 10,494 rows
  [2020-05] 10,000 rows
  [2020-06] 11,000 rows
  [2020-07] 11,000 rows
  [2020-08] 10,500 rows
  [2020-09] 10,501 rows
  [2020-10] 11,022 rows
  [2020-11] 10,029 rows
  [2020-12] 11,075 rows
  [2021-01] 9,580 rows
  [2021-02] 9,595 rows
  [2021-03] 11,611 rows
  [2021-04] 10,609 rows
  [2021-05] 10,120 rows
  [2021-06] 11,133 rows
  [2021-07] 10,649 rows
  [2021-08] 11,176 rows
  [2021-09] 10,668 rows
  [2021-10] 10,668 rows
  [2021-11] 10,668 rows
  [2021-12] 11,172 rows
  [2022-01] 10,154 rows
  [2022-02] 9,651 rows
  [2022-03] 11,684 rows
  [2022-04] 10,174 rows
  [2022-05] 10,704 rows
  [2022-06] 10,728 rows
  [2022-07] 10,220 rows
  [2022-08] 11,753 rows
  [2022-09] 10,748 rows
  [2022-10] 10,752 rows
  [2022-11] 10,755 rows
  [2022-12] 10,752 rows
  [2023-01] 10,259 rows
  [2023-02] 9,747 rows
  [2023-03] 11,799 rows
  [2023-04] 9,747 rows
  [2023-05] 11,316 rows
  [2023-06] 10,798 rows
  [2023-07] 10,296 rows
  [2023-08] 11,847 rows
  [2023-09] 10,334 rows
  [2023-10] 11,396 rows
  [2023-11] 10,878 rows
  [2023-12] 10,360 rows
  [2024-01] 10,878 rows
  [2024-02] 10,360 rows
  [2024-03] 10,363 rows
  [2024-04] 11,461 rows
  [2024-05] 11,462 rows
  [2024-06] 9,899 rows
  [2024-07] 11,480 rows
  [2024-08] 11,484 rows
  [2024-09] 10,440 rows
  [2024-10] 12,028 rows
  [2024-11] 10,460 rows
  [2024-12] 10,983 rows
  [2025-01] no data
  [2025-02] no data
  [2025-03] no data
  [2025-04] no data
  [2025-05] no data
  [2025-06] no data
  [2025-07] no data
  [2025-08] no data
  [2025-09] no data
  [2025-10] no data
  [2025-11] no data
  [2025-12] no data
  [2026-01] no data
  [2026-02] no data
  [2026-03] no data
  [2026-04] no data
  [2026-05] no data
[STORE] Saved 1,686,480 rows -> data_cache\ohlcv
[phase 1] ohlcv saved: 1,686,480 rows
[COMPUSTAT] Fetching GICS sector codes...
[STORE] Saved 500 rows -> data_cache\compustat_meta
[phase 1] compustat_meta saved: 500 rows
[COMPUSTAT] Fetching quarterly earnings report dates...
[STORE] Saved 29,433 rows -> data_cache\earnings
[phase 1] earnings saved: 29,433 rows
[COMPUSTAT] Fetching dividend payment data...
[STORE] Saved 5,576 rows -> data_cache\dividends
[phase 1] dividends saved: 5,576 rows
[CRSP] Fetching S&P composite index returns...
  [2011-01] 20 rows
  [2011-02] 19 rows
  [2011-03] 23 rows
  [2011-04] 20 rows
  [2011-05] 21 rows
  [2011-06] 22 rows
  [2011-07] 20 rows
  [2011-08] 23 rows
  [2011-09] 21 rows
  [2011-10] 21 rows
  [2011-11] 21 rows
  [2011-12] 21 rows
  [2012-01] 20 rows
  [2012-02] 20 rows
  [2012-03] 22 rows
  [2012-04] 20 rows
  [2012-05] 22 rows
  [2012-06] 21 rows
  [2012-07] 21 rows
  [2012-08] 23 rows
  [2012-09] 19 rows
  [2012-10] 21 rows
  [2012-11] 21 rows
  [2012-12] 20 rows
  [2013-01] 21 rows
  [2013-02] 19 rows
  [2013-03] 20 rows
  [2013-04] 22 rows
  [2013-05] 22 rows
  [2013-06] 20 rows
  [2013-07] 22 rows
  [2013-08] 22 rows
  [2013-09] 20 rows
  [2013-10] 23 rows
  [2013-11] 20 rows
  [2013-12] 21 rows
  [2014-01] 21 rows
  [2014-02] 19 rows
  [2014-03] 21 rows
  [2014-04] 21 rows
  [2014-05] 21 rows
  [2014-06] 21 rows
  [2014-07] 22 rows
  [2014-08] 21 rows
  [2014-09] 21 rows
  [2014-10] 23 rows
  [2014-11] 19 rows
  [2014-12] 22 rows
  [2015-01] 20 rows
  [2015-02] 19 rows
  [2015-03] 22 rows
  [2015-04] 21 rows
  [2015-05] 20 rows
  [2015-06] 22 rows
  [2015-07] 22 rows
  [2015-08] 21 rows
  [2015-09] 21 rows
  [2015-10] 22 rows
  [2015-11] 20 rows
  [2015-12] 22 rows
  [2016-01] 19 rows
  [2016-02] 20 rows
  [2016-03] 22 rows
  [2016-04] 21 rows
  [2016-05] 21 rows
  [2016-06] 22 rows
  [2016-07] 20 rows
  [2016-08] 23 rows
  [2016-09] 21 rows
  [2016-10] 21 rows
  [2016-11] 21 rows
  [2016-12] 21 rows
  [2017-01] 20 rows
  [2017-02] 19 rows
  [2017-03] 23 rows
  [2017-04] 19 rows
  [2017-05] 22 rows
  [2017-06] 22 rows
  [2017-07] 20 rows
  [2017-08] 23 rows
  [2017-09] 20 rows
  [2017-10] 22 rows
  [2017-11] 21 rows
  [2017-12] 20 rows
  [2018-01] 21 rows
  [2018-02] 19 rows
  [2018-03] 21 rows
  [2018-04] 21 rows
  [2018-05] 22 rows
  [2018-06] 21 rows
  [2018-07] 21 rows
  [2018-08] 23 rows
  [2018-09] 19 rows
  [2018-10] 23 rows
  [2018-11] 21 rows
  [2018-12] 19 rows
  [2019-01] 21 rows
  [2019-02] 19 rows
  [2019-03] 21 rows
  [2019-04] 21 rows
  [2019-05] 22 rows
  [2019-06] 20 rows
  [2019-07] 22 rows
  [2019-08] 22 rows
  [2019-09] 20 rows
  [2019-10] 23 rows
  [2019-11] 20 rows
  [2019-12] 21 rows
  [2020-01] 21 rows
  [2020-02] 19 rows
  [2020-03] 22 rows
  [2020-04] 21 rows
  [2020-05] 20 rows
  [2020-06] 22 rows
  [2020-07] 22 rows
  [2020-08] 21 rows
  [2020-09] 21 rows
  [2020-10] 22 rows
  [2020-11] 20 rows
  [2020-12] 22 rows
  [2021-01] 19 rows
  [2021-02] 19 rows
  [2021-03] 23 rows
  [2021-04] 21 rows
  [2021-05] 20 rows
  [2021-06] 22 rows
  [2021-07] 21 rows
  [2021-08] 22 rows
  [2021-09] 21 rows
  [2021-10] 21 rows
  [2021-11] 21 rows
  [2021-12] 22 rows
  [2022-01] 20 rows
  [2022-02] 19 rows
  [2022-03] 23 rows
  [2022-04] 20 rows
  [2022-05] 21 rows
  [2022-06] 21 rows
  [2022-07] 20 rows
  [2022-08] 23 rows
  [2022-09] 21 rows
  [2022-10] 21 rows
  [2022-11] 21 rows
  [2022-12] 21 rows
  [2023-01] 20 rows
  [2023-02] 19 rows
  [2023-03] 23 rows
  [2023-04] 19 rows
  [2023-05] 22 rows
  [2023-06] 21 rows
  [2023-07] 20 rows
  [2023-08] 23 rows
  [2023-09] 20 rows
  [2023-10] 22 rows
  [2023-11] 21 rows
  [2023-12] 20 rows
  [2024-01] 21 rows
  [2024-02] 20 rows
  [2024-03] 20 rows
  [2024-04] 22 rows
  [2024-05] 22 rows
  [2024-06] 19 rows
  [2024-07] 22 rows
  [2024-08] 22 rows
  [2024-09] 20 rows
  [2024-10] 23 rows
  [2024-11] 20 rows
  [2024-12] 21 rows
  [2025-01] no data
  [2025-02] no data
  [2025-03] no data
  [2025-04] no data
  [2025-05] no data
  [2025-06] no data
  [2025-07] no data
  [2025-08] no data
  [2025-09] no data
  [2025-10] no data
  [2025-11] no data
  [2025-12] no data
  [2026-01] no data
  [2026-02] no data
  [2026-03] no data
  [2026-04] no data
  [2026-05] no data
[STORE] Saved 3,522 rows -> data_cache\crsp_index
[phase 1] crsp_index saved: 3,522 rows

[phase 1] DONE in 3.4 min

========================================================================
PHASE 2 — OptionMetrics vsurfd (volatility surface)
  ~6-8 hours expected (year tables 2014-2025)
========================================================================
[OPTIONM] Mapping tickers to SECIDs...
[WRDS] Connecting to PostgreSQL...
Loading library list...
Done
[WRDS] Connection established.
[OPTIONM] Fetching vol surface for 698 SECIDs (years=2011-2026, days=[30, 60, 91, 182], deltas=[10, 25, 50, -25, -10])...
  [vsurfd2011] 2,232,940 rows
  [vsurfd2012] 2,239,260 rows
  [vsurfd2013] 2,298,600 rows
  [vsurfd2014] 2,336,400 rows
  [vsurfd2015] 2,362,440 rows
  [vsurfd2016] 2,380,780 rows
  [vsurfd2017] 2,379,060 rows
  [vsurfd2018] 2,395,180 rows
  [vsurfd2019] 2,435,840 rows
  [vsurfd2020] 2,475,360 rows
  [vsurfd2021] 2,507,860 rows
  [vsurfd2022] 2,506,940 rows
  [vsurfd2023] 2,501,660 rows
  [vsurfd2024] 2,537,240 rows
  [vsurfd2025] 1,667,860 rows
  [vsurfd2026] ERROR: (psycopg2.errors.UndefinedTable) relation "optionm.vsurfd2026" does not exist
LINE 3:                 FROM optionm.vsurfd2026
                             ^

[SQL: 
                SELECT secid, date, days, delta, impl_volatility
                FROM optionm.vsurfd2026
                WHERE secid IN (5008, 5048, 5086, 5191, 5197, 5264, 5327, 5342, 5451, 5459, 5505, 5519, 5691, 5852, 5876, 5916, 5976, 6106, 6198, 6262, 6280, 6426, 6514, 6575, 6590, 6598, 6705, 6725, 6766, 7094, 7308, 7652, 7937, 7983, 8131, 8417, 8420, 8534, 8613, 8663, 8758, 8880, 9071, 9388, 9465, 100566, 100573, 100609, 100892, 100900, 100906, 100930, 100931, 100972, 100982, 101062, 101121, 101149, 101164, 101176, 101194, 101204, 101209, 101227, 101229, 101250, 101260, 101273, 101281, 101310, 101317, 101319, 101325, 101360, 101368, 101375, 101397, 101441, 101444, 101459, 101475, 101476, 101496, 101508, 101519, 101530, 101535, 101578, 101580, 101594, 101610, 101639, 101763, 101795, 101800, 101806, 101812, 101821, 101822, 101828, 101863, 101919, 101920, 101930, 101966, 101981, 102004, 102043, 102067, 102106, 102113, 102132, 102219, 102235, 102265, 102294, 102296, 102349, 102377, 102381, 102409, 102426, 102524, 102525, 102535, 102536, 102565, 102571, 102583, 102602, 102654, 102660, 102702, 102733, 102747, 102752, 102772, 102796, 102922, 102924, 102929, 102936, 102968, 103015, 103016, 103022, 103029, 103042, 103046, 103049, 103106, 103109, 103125, 103138, 103140, 103157, 103193, 103198, 103313, 103352, 103355, 103360, 103368, 103369, 103370, 103400, 103404, 103406, 103413, 103416, 103422, 103434, 103451, 103466, 103467, 103543, 103544, 103545, 103574, 103651, 103654, 103676, 103682, 103715, 103729, 103736, 103749, 103757, 103802, 103879, 103906, 103908, 103912, 103932, 103936, 104635, 103969, 103979, 104059, 104124, 104138, 104153, 104172, 104185, 104229, 104275, 104286, 104361, 104411, 104415, 104416, 104425, 104432, 104452, 104508, 104516, 104517, 104525, 104533, 104560, 104579, 104582, 104618, 104629, 104644, 104664, 104866, 104870, 104878, 104939, 104978, 104992, 105002, 105003, 105109, 105130, 105131, 105168, 105169, 105174, 105175, 105198, 105206, 105243, 105329, 105356, 105385, 105474, 105512, 105546, 105573, 105581, 105588, 105613, 105619, 105633, 105683, 105696, 105700, 105730, 105759, 105785, 105800, 105805, 105833, 105843, 105846, 105894, 105914, 105969, 105971, 105985, 106049, 106119, 106203, 106276, 106281, 106295, 106367, 106369, 106407, 106521, 106523, 106529, 106566, 106567, 106595, 106674, 106678, 106689, 106690, 106695, 106744, 106790, 106808, 106858, 106899, 106900, 106929, 106959, 106967, 106983, 107010, 107015, 107045, 107074, 107077, 107110, 107239, 107248, 107253, 107255, 107297, 107315, 107318, 107321, 107325, 107367, 107398, 107407, 107430, 107478, 107484, 107490, 107504, 107525, 107532, 107544, 107555, 107589, 107616, 107686, 107693, 107704, 107719, 107747, 107751, 107755, 107867, 107875, 107902, 108025, 108055, 108130, 108161, 108166, 108184, 108186, 108220, 108226, 108231, 108279, 108321, 108385, 108418, 108429, 108451, 108463, 108505, 108529, 108609, 108642, 108645, 108649, 108670, 108706, 108740, 108756, 108768, 108804, 108861, 108893, 108910, 108948, 108965, 108969, 109024, 109088, 109091, 109143, 109181, 109182, 109224, 109245, 109248, 109285, 109286, 109287, 109297, 109348, 109356, 109371, 109396, 109422, 109484, 109491, 109507, 109538, 109542, 109543, 109557, 109586, 109593, 109678, 109695, 109699, 109706, 109775, 109777, 109791, 109869, 109901, 109951, 109956, 109965, 110051, 110117, 110157, 110188, 110244, 110259, 110262, 110271, 110337, 110357, 110460, 110472, 110490, 110497, 110513, 110568, 110578, 110684, 110700, 110716, 110752, 110771, 110786, 110810, 110815, 110838, 110875, 110885, 110913, 110952, 110972, 110973, 110979, 110991, 111019, 111086, 111122, 111150, 111165, 111167, 111206, 111216, 111279, 111283, 111284, 111285, 111286, 111306, 111394, 111416, 111434, 111436, 111459, 111469, 111493, 111560, 111624, 111646, 111647, 111666, 111668, 111683, 111712, 111793, 111822, 111849, 111860, 111884, 111893, 111902, 111947, 111953, 111969, 111987, 112011, 112042, 112046, 112087, 112158, 112219, 112254, 112261, 112282, 112463, 112498, 112551, 112669, 112717, 112865, 112888, 112934, 113014, 113096, 113119, 113171, 113430, 113437, 113735, 113972, 113978, 114264, 114273, 114649, 114685, 115142, 115225, 115247, 115422, 115429, 115885, 116245, 116416, 116532, 116539, 116956, 119846, 120322, 121568, 121592, 121706, 121764, 121804, 121812, 122122, 122337, 122338, 122395, 122563, 123079, 123611, 123730, 124023, 124166, 124209, 124758, 124943, 125175, 125279, 125504, 125537, 125766, 125971, 125977, 126938, 127738, 127813, 128220, 129142, 129172, 129217, 129410, 129490, 129555, 129558, 129651, 129711, 129751, 133191, 133287, 133928, 134049, 134347, 134685, 134812, 134814, 135099, 135403, 135419, 136152, 136200, 136216, 137095, 137638, 137933, 139233, 139322, 139590, 139733, 139805, 139906, 140530, 142912, 143077, 143439, 143554, 143710, 144242, 144460, 144461, 144671, 145634, 145682, 146036, 146286, 146334, 147220, 148257, 150893, 151196, 151905, 152875, 154402, 154666, 154891, 155274, 155279, 160586, 161182, 161291, 166320, 166742, 166743, 166814, 171372, 188227, 188515, 189479, 189767, 189909, 203876, 204182, 204223, 204392, 204470, 205036, 205457, 205640, 206934, 207384, 207608, 207609, 207743, 208207, 210407, 208313, 208503, 208583, 208697, 209612, 210217, 210356, 210831, 211246, 211307, 211315, 211662, 211852, 211899, 212718, 213005, 213163, 213392, 213418, 213503, 213504, 213561, 213638, 213702, 213731, 213780, 213923, 214260, 214261, 214684, 214905, 214940, 214950, 215172, 215346, 215427, 215461, 216158, 216195, 217221, 218105, 218170, 218742, 218839, 219400, 219406, 219729, 220532, 221338)
                    AND days IN (30, 60, 91, 182)
                    AND delta IN (10, 25, 50, -25, -10)
                ORDER BY secid, date, days, delta
            ]
(Background on this error at: https://sqlalche.me/e/20/f405)
[STORE] Saved 174,022,920 rows -> data_cache\vsurfd
[phase 2] vsurfd saved: 174,022,920 rows

[phase 2] DONE in 15.6 min

========================================================================
PHASE 3 — OptionMetrics open interest (25-delta)
  ~2-3 hours expected
========================================================================
[OPTIONM] Mapping tickers to SECIDs for OI pull...
[WRDS] Connecting to PostgreSQL...
Loading library list...
Done
[WRDS] Connection established.
[OPTIONM] Fetching 25-delta OI for 698 SECIDs (years=2011-2026)...
  [opprcd2011] 81,387 rows
  [opprcd2012] 75,386 rows
  [opprcd2013] 84,659 rows
  [opprcd2014] 113,786 rows
  [opprcd2015] 127,223 rows
  [opprcd2016] 134,756 rows
  [opprcd2017] 137,822 rows
  [opprcd2018] 155,878 rows
  [opprcd2019] 159,934 rows
  [opprcd2020] 178,157 rows
  [opprcd2021] 178,253 rows
  [opprcd2022] 177,973 rows
  [opprcd2023] 168,373 rows
  [opprcd2024] 175,912 rows
  [opprcd2025] 120,404 rows
  [opprcd2026] ERROR: (psycopg2.errors.UndefinedTable) relation "optionm.opprcd2026" does not exist
LINE 6:                 FROM optionm.opprcd2026
                             ^

[SQL: 
                SELECT secid, date, cp_flag,
                       SUM(open_interest) as total_oi,
                       SUM(open_interest * impl_volatility)
                           / NULLIF(SUM(open_interest), 0) as oi_weighted_iv
                FROM optionm.opprcd2026
                WHERE secid IN (5008, 5048, 5086, 5191, 5197, 5264, 5327, 5342, 5451, 5459, 5505, 5519, 5691, 5852, 5876, 5916, 5976, 6106, 6198, 6262, 6280, 6426, 6514, 6575, 6590, 6598, 6705, 6725, 6766, 7094, 7308, 7652, 7937, 7983, 8131, 8417, 8420, 8534, 8613, 8663, 8758, 8880, 9071, 9388, 9465, 100566, 100573, 100609, 100892, 100900, 100906, 100930, 100931, 100972, 100982, 101062, 101121, 101149, 101164, 101176, 101194, 101204, 101209, 101227, 101229, 101250, 101260, 101273, 101281, 101310, 101317, 101319, 101325, 101360, 101368, 101375, 101397, 101441, 101444, 101459, 101475, 101476, 101496, 101508, 101519, 101530, 101535, 101578, 101580, 101594, 101610, 101639, 101763, 101795, 101800, 101806, 101812, 101821, 101822, 101828, 101863, 101919, 101920, 101930, 101966, 101981, 102004, 102043, 102067, 102106, 102113, 102132, 102219, 102235, 102265, 102294, 102296, 102349, 102377, 102381, 102409, 102426, 102524, 102525, 102535, 102536, 102565, 102571, 102583, 102602, 102654, 102660, 102702, 102733, 102747, 102752, 102772, 102796, 102922, 102924, 102929, 102936, 102968, 103015, 103016, 103022, 103029, 103042, 103046, 103049, 103106, 103109, 103125, 103138, 103140, 103157, 103193, 103198, 103313, 103352, 103355, 103360, 103368, 103369, 103370, 103400, 103404, 103406, 103413, 103416, 103422, 103434, 103451, 103466, 103467, 103543, 103544, 103545, 103574, 103651, 103654, 103676, 103682, 103715, 103729, 103736, 103749, 103757, 103802, 103879, 103906, 103908, 103912, 103932, 103936, 104635, 103969, 103979, 104059, 104124, 104138, 104153, 104172, 104185, 104229, 104275, 104286, 104361, 104411, 104415, 104416, 104425, 104432, 104452, 104508, 104516, 104517, 104525, 104533, 104560, 104579, 104582, 104618, 104629, 104644, 104664, 104866, 104870, 104878, 104939, 104978, 104992, 105002, 105003, 105109, 105130, 105131, 105168, 105169, 105174, 105175, 105198, 105206, 105243, 105329, 105356, 105385, 105474, 105512, 105546, 105573, 105581, 105588, 105613, 105619, 105633, 105683, 105696, 105700, 105730, 105759, 105785, 105800, 105805, 105833, 105843, 105846, 105894, 105914, 105969, 105971, 105985, 106049, 106119, 106203, 106276, 106281, 106295, 106367, 106369, 106407, 106521, 106523, 106529, 106566, 106567, 106595, 106674, 106678, 106689, 106690, 106695, 106744, 106790, 106808, 106858, 106899, 106900, 106929, 106959, 106967, 106983, 107010, 107015, 107045, 107074, 107077, 107110, 107239, 107248, 107253, 107255, 107297, 107315, 107318, 107321, 107325, 107367, 107398, 107407, 107430, 107478, 107484, 107490, 107504, 107525, 107532, 107544, 107555, 107589, 107616, 107686, 107693, 107704, 107719, 107747, 107751, 107755, 107867, 107875, 107902, 108025, 108055, 108130, 108161, 108166, 108184, 108186, 108220, 108226, 108231, 108279, 108321, 108385, 108418, 108429, 108451, 108463, 108505, 108529, 108609, 108642, 108645, 108649, 108670, 108706, 108740, 108756, 108768, 108804, 108861, 108893, 108910, 108948, 108965, 108969, 109024, 109088, 109091, 109143, 109181, 109182, 109224, 109245, 109248, 109285, 109286, 109287, 109297, 109348, 109356, 109371, 109396, 109422, 109484, 109491, 109507, 109538, 109542, 109543, 109557, 109586, 109593, 109678, 109695, 109699, 109706, 109775, 109777, 109791, 109869, 109901, 109951, 109956, 109965, 110051, 110117, 110157, 110188, 110244, 110259, 110262, 110271, 110337, 110357, 110460, 110472, 110490, 110497, 110513, 110568, 110578, 110684, 110700, 110716, 110752, 110771, 110786, 110810, 110815, 110838, 110875, 110885, 110913, 110952, 110972, 110973, 110979, 110991, 111019, 111086, 111122, 111150, 111165, 111167, 111206, 111216, 111279, 111283, 111284, 111285, 111286, 111306, 111394, 111416, 111434, 111436, 111459, 111469, 111493, 111560, 111624, 111646, 111647, 111666, 111668, 111683, 111712, 111793, 111822, 111849, 111860, 111884, 111893, 111902, 111947, 111953, 111969, 111987, 112011, 112042, 112046, 112087, 112158, 112219, 112254, 112261, 112282, 112463, 112498, 112551, 112669, 112717, 112865, 112888, 112934, 113014, 113096, 113119, 113171, 113430, 113437, 113735, 113972, 113978, 114264, 114273, 114649, 114685, 115142, 115225, 115247, 115422, 115429, 115885, 116245, 116416, 116532, 116539, 116956, 119846, 120322, 121568, 121592, 121706, 121764, 121804, 121812, 122122, 122337, 122338, 122395, 122563, 123079, 123611, 123730, 124023, 124166, 124209, 124758, 124943, 125175, 125279, 125504, 125537, 125766, 125971, 125977, 126938, 127738, 127813, 128220, 129142, 129172, 129217, 129410, 129490, 129555, 129558, 129651, 129711, 129751, 133191, 133287, 133928, 134049, 134347, 134685, 134812, 134814, 135099, 135403, 135419, 136152, 136200, 136216, 137095, 137638, 137933, 139233, 139322, 139590, 139733, 139805, 139906, 140530, 142912, 143077, 143439, 143554, 143710, 144242, 144460, 144461, 144671, 145634, 145682, 146036, 146286, 146334, 147220, 148257, 150893, 151196, 151905, 152875, 154402, 154666, 154891, 155274, 155279, 160586, 161182, 161291, 166320, 166742, 166743, 166814, 171372, 188227, 188515, 189479, 189767, 189909, 203876, 204182, 204223, 204392, 204470, 205036, 205457, 205640, 206934, 207384, 207608, 207609, 207743, 208207, 210407, 208313, 208503, 208583, 208697, 209612, 210217, 210356, 210831, 211246, 211307, 211315, 211662, 211852, 211899, 212718, 213005, 213163, 213392, 213418, 213503, 213504, 213561, 213638, 213702, 213731, 213780, 213923, 214260, 214261, 214684, 214905, 214940, 214950, 215172, 215346, 215427, 215461, 216158, 216195, 217221, 218105, 218170, 218742, 218839, 219400, 219406, 219729, 220532, 221338)
                    AND ABS(delta) BETWEEN 0.20 AND 0.30
                    AND (exdate - date) BETWEEN 20 AND 40
                    AND open_interest > 0
                GROUP BY secid, date, cp_flag
            ]
(Background on this error at: https://sqlalche.me/e/20/f405)
[STORE] Saved 2,069,903 rows -> data_cache\oi_25delta
[phase 3] oi_25delta saved: 2,069,903 rows

[phase 3] DONE in 21.2 min

========================================================================
PHASE 4 — Alpaca continuation splice
  ~5 min — extends OHLCV past CRSP cutoff
========================================================================
Traceback (most recent call last):
  File "<frozen runpy>", line 198, in _run_module_as_main
  File "<frozen runpy>", line 88, in _run_code
  File "C:\Users\Owner\Tarasque_local\volarbmodel\model\pipeline\pull_sp500.py", line 299, in <module>
    main()
  File "C:\Users\Owner\Tarasque_local\volarbmodel\model\pipeline\pull_sp500.py", line 289, in main
    phase_4_alpaca_splice(dc)
  File "C:\Users\Owner\Tarasque_local\volarbmodel\model\pipeline\pull_sp500.py", line 219, in phase_4_alpaca_splice
    raw_data = append_recent_data(dc, raw_data)
               ^^^^^^^^^^^^^^^^^^^^^^^^^^^^^^^^
  File "C:\Users\Owner\Tarasque_local\volarbmodel\model\pipeline\data_loader.py", line 748, in append_recent_data
    recent = cont.fetch_recent_ohlcv(config.tickers, since_date=last_date)
             ^^^^^^^^^^^^^^^^^^^^^^^^^^^^^^^^^^^^^^^^^^^^^^^^^^^^^^^^^^^^^
  File "C:\Users\Owner\Tarasque_local\volarbmodel\model\pipeline\data_loader.py", line 563, in fetch_recent_ohlcv
    from alpaca.data.requests import StockBarsRequest
ModuleNotFoundError: No module named 'alpaca'
